adhanait@LIN07001518 MINGW64 ~
$ mkdir project_dir

adhanait@LIN07001518 MINGW64 ~
$ cd project_dir

adhanait@LIN07001518 MINGW64 ~/project_dir
$ git init
Initialized empty Git repository in C:/Users/ADHANAIT/project_dir/.git/

adhanait@LIN07001518 MINGW64 ~/project_dir (master)
$ touch index.html

adhanait@LIN07001518 MINGW64 ~/project_dir (master)
$ git status
On branch master

No commits yet

Untracked files:
  (use "git add <file>..." to include in what will be committed)
        index.html

nothing added to commit but untracked files present (use "git add" to track)

adhanait@LIN07001518 MINGW64 ~/project_dir (master)
$ git add index.html

adhanait@LIN07001518 MINGW64 ~/project_dir (master)
$ git status
On branch master

No commits yet

Changes to be committed:
  (use "git rm --cached <file>..." to unstage)
        new file:   index.html


adhanait@LIN07001518 MINGW64 ~/project_dir (master)
$ git commit -m "index file committed"
[master (root-commit) 5d6e4b9] index file committed
 Committer: Dhanait <aniket-nitin.dhanait@capgemini.com>
Your name and email address were configured automatically based
on your username and hostname. Please check that they are accurate.
You can suppress this message by setting them explicitly:

    git config --global user.name "Your Name"
    git config --global user.email you@example.com

After doing this, you may fix the identity used for this commit with:

    git commit --amend --reset-author

 1 file changed, 0 insertions(+), 0 deletions(-)
 create mode 100644 index.html

adhanait@LIN07001518 MINGW64 ~/project_dir (master)
$ touch info.txt

adhanait@LIN07001518 MINGW64 ~/project_dir (master)
$ git status
On branch master
Changes not staged for commit:
  (use "git add <file>..." to update what will be committed)
  (use "git restore <file>..." to discard changes in working directory)
        modified:   index.html

Untracked files:
  (use "git add <file>..." to include in what will be committed)
        info.txt

no changes added to commit (use "git add" and/or "git commit -a")

adhanait@LIN07001518 MINGW64 ~/project_dir (master)
$ touch .gitignore

adhanait@LIN07001518 MINGW64 ~/project_dir (master)
$ git status
On branch master
Changes not staged for commit:
  (use "git add <file>..." to update what will be committed)
  (use "git restore <file>..." to discard changes in working directory)
        modified:   index.html

Untracked files:
  (use "git add <file>..." to include in what will be committed)
        .gitignore

no changes added to commit (use "git add" and/or "git commit -a")

adhanait@LIN07001518 MINGW64 ~/project_dir (master)
$ git add .

adhanait@LIN07001518 MINGW64 ~/project_dir (master)
$ git status
On branch master
Changes to be committed:
  (use "git restore --staged <file>..." to unstage)
        new file:   .gitignore
        modified:   index.html


adhanait@LIN07001518 MINGW64 ~/project_dir (master)
$ git commit -m "index file committed"
[master 61a52be] index file committed
 Committer: Dhanait <aniket-nitin.dhanait@capgemini.com>
Your name and email address were configured automatically based
on your username and hostname. Please check that they are accurate.
You can suppress this message by setting them explicitly:

    git config --global user.name "Your Name"
    git config --global user.email you@example.com

After doing this, you may fix the identity used for this commit with:

    git commit --amend --reset-author

 2 files changed, 13 insertions(+)
 create mode 100644 .gitignore

adhanait@LIN07001518 MINGW64 ~/project_dir (master)
$ git log
commit 61a52bee8bef16a83ee6c78b7fd7406c631be4e9 (HEAD -> master)
Author: Dhanait <aniket-nitin.dhanait@capgemini.com>
Date:   Thu Dec 29 13:44:39 2022 +0530

    index file committed

commit 5d6e4b9f60ac1f5a622086a458ffa324138aad63
Author: Dhanait <aniket-nitin.dhanait@capgemini.com>
Date:   Thu Dec 29 13:38:23 2022 +0530

    index file committed

adhanait@LIN07001518 MINGW64 ~/project_dir (master)
$ git revert HEAD
error: Your local changes to the following files would be overwritten by merge:
        index.html
Please commit your changes or stash them before you merge.
Aborting
fatal: revert failed

adhanait@LIN07001518 MINGW64 ~/project_dir (master)
$ git stash
Saved working directory and index state WIP on master: 61a52be index file committed

adhanait@LIN07001518 MINGW64 ~/project_dir (master)
$ git revert
usage: git revert [--[no-]edit] [-n] [-m <parent-number>] [-s] [-S[<keyid>]] <commit>...
   or: git revert (--continue | --skip | --abort | --quit)

    --quit                end revert or cherry-pick sequence
    --continue            resume revert or cherry-pick sequence
    --abort               cancel revert or cherry-pick sequence
    --skip                skip current commit and continue
    --cleanup <mode>      how to strip spaces and #comments from message
    -n, --no-commit       don't automatically commit
    -e, --edit            edit the commit message
    -s, --signoff         add a Signed-off-by trailer
    -m, --mainline <parent-number>
                          select mainline parent
    --rerere-autoupdate   update the index with reused conflict resolution if possible
    --strategy <strategy>
                          merge strategy
    -X, --strategy-option <option>
                          option for merge strategy
    -S, --gpg-sign[=<key-id>]
                          GPG sign commit
    --reference           use the 'reference' format to refer to commits


adhanait@LIN07001518 MINGW64 ~/project_dir (master)
$ git status
On branch master
Changes not staged for commit:
  (use "git add <file>..." to update what will be committed)
  (use "git restore <file>..." to discard changes in working directory)
        modified:   index.html

no changes added to commit (use "git add" and/or "git commit -a")

adhanait@LIN07001518 MINGW64 ~/project_dir (master)
$ git add .

adhanait@LIN07001518 MINGW64 ~/project_dir (master)
$ git revert
usage: git revert [--[no-]edit] [-n] [-m <parent-number>] [-s] [-S[<keyid>]] <commit>...
   or: git revert (--continue | --skip | --abort | --quit)

    --quit                end revert or cherry-pick sequence
    --continue            resume revert or cherry-pick sequence
    --abort               cancel revert or cherry-pick sequence
    --skip                skip current commit and continue
    --cleanup <mode>      how to strip spaces and #comments from message
    -n, --no-commit       don't automatically commit
    -e, --edit            edit the commit message
    -s, --signoff         add a Signed-off-by trailer
    -m, --mainline <parent-number>
                          select mainline parent
    --rerere-autoupdate   update the index with reused conflict resolution if possible
    --strategy <strategy>
                          merge strategy
    -X, --strategy-option <option>
                          option for merge strategy
    -S, --gpg-sign[=<key-id>]
                          GPG sign commit
    --reference           use the 'reference' format to refer to commits


adhanait@LIN07001518 MINGW64 ~/project_dir (master)
$ git status
On branch master
Changes to be committed:
  (use "git restore --staged <file>..." to unstage)
        modified:   index.html

adhanait@LIN07001518 MINGW64 ~/project_dir (master)
$ git config --global alias.my_add add
error: invalid key: alias.my_add

adhanait@LIN07001518 MINGW64 ~/project_dir (master)
$ git config --global alias.my-add

adhanait@LIN07001518 MINGW64 ~/project_dir (master)
$ git status
On branch master
Changes to be committed:
  (use "git restore --staged <file>..." to unstage)
        modified:   index.html


adhanait@LIN07001518 MINGW64 ~/project_dir (master)
$ git status
On branch master
Changes to be committed:
  (use "git restore --staged <file>..." to unstage)
        modified:   index.html

Changes not staged for commit:
  (use "git add <file>..." to update what will be committed)
  (use "git restore <file>..." to discard changes in working directory)
        modified:   index.html


adhanait@LIN07001518 MINGW64 ~/project_dir (master)
$ git my-add .
git: 'my-add' is not a git command. See 'git --help'.

adhanait@LIN07001518 MINGW64 ~/project_dir (master)
$ git config --global alias.my-add add

adhanait@LIN07001518 MINGW64 ~/project_dir (master)
$ git my-add .

adhanait@LIN07001518 MINGW64 ~/project_dir (master)
$ git status
On branch master
Changes to be committed:
  (use "git restore --staged <file>..." to unstage)
        modified:   index.html


adhanait@LIN07001518 MINGW64 ~/project_dir (master)
$ git commit -m "html file committed"
[master a7077a9] html file committed
 Committer: Dhanait <aniket-nitin.dhanait@capgemini.com>
Your name and email address were configured automatically based
on your username and hostname. Please check that they are accurate.
You can suppress this message by setting them explicitly:

    git config --global user.name "Your Name"
    git config --global user.email you@example.com

After doing this, you may fix the identity used for this commit with:

    git commit --amend --reset-author

 1 file changed, 2 insertions(+)

adhanait@LIN07001518 MINGW64 ~/project_dir (master)
$ git revert HEAD
[master 6a5c5bf] Revert "html file committed on index file"
 Committer: Dhanait <aniket-nitin.dhanait@capgemini.com>
Your name and email address were configured automatically based
on your username and hostname. Please check that they are accurate.
You can suppress this message by setting them explicitly:

    git config --global user.name "Your Name"
    git config --global user.email you@example.com

After doing this, you may fix the identity used for this commit with:

    git commit --amend --reset-author

 1 file changed, 2 deletions(-)
